// Jest Snapshot v1, https://goo.gl/fbAQLP

exports[`<AddNewDog /> renders as expected 1`] = `
<main
  className="add-dog-container"
>
  <h1
    className="form-title"
  >
    Add New Dog
  </h1>
  <form
    className="form-container"
    onSubmit={[Function]}
  >
    <div
      className="field-item"
    >
      <label
        className="bold"
        htmlFor="name"
      >
        Name
      </label>
      <input
        className="block"
        id="name"
        name="dogName"
        onChange={[Function]}
        required={true}
        type="text"
      />
    </div>
    <div
      className="field-item"
    >
      <label
        className="bold"
        htmlFor="image"
      >
        Image
      </label>
      <input
        accept="image/*"
        className="block"
        name="profileImg"
        onChange={[Function]}
        required={true}
        type="file"
      />
      <img
        alt="your-pic"
        id="img-preview"
        src=""
        style={
          Object {
            "display": "none",
          }
        }
      />
    </div>
    <fieldset
      className="field-item"
    >
      <legend
        className="bold"
      >
        Gender
      </legend>
      <label
        htmlFor="male"
      >
        <input
          id="male"
          name="gender"
          onChange={[Function]}
          required={true}
          type="radio"
          value="Male"
        />
        Male
      </label>
      <label
        htmlFor="female"
      >
        <input
          id="female"
          name="gender"
          onChange={[Function]}
          type="radio"
          value="Female"
        />
        Female
      </label>
    </fieldset>
    <label
      className="bold"
      htmlFor="estimated-age"
    >
      Estimated Age
    </label>
    <input
      className="block"
      id="age"
      name="age"
      onChange={[Function]}
      type="text"
    />
    <label
      className="bold"
      htmlFor="arrival"
    >
      Estimated Arrival
    </label>
    <input
      className="block"
      id="arrival"
      name="arrivalDate"
      onChange={[Function]}
      required={true}
      type="date"
    />
    <label
      className="bold"
      htmlFor="tag-number"
    >
      Tag Number
    </label>
    <input
      className="block"
      id="tag-number"
      name="tagNumber"
      onChange={[Function]}
      type="text"
    />
    <label
      className="bold"
      htmlFor="microchip"
    >
      Microchip Number
    </label>
    <input
      className="block"
      id="microchip"
      name="microchip"
      onChange={[Function]}
      type="text"
    />
    <fieldset
      className="field-item"
    >
      <legend
        className="bold"
      >
        Spayed/Neutered 
      </legend>
      <label
        htmlFor="yes"
      >
        <input
          id="yes"
          name="spayedNeutered"
          onChange={[Function]}
          required={true}
          type="radio"
        />
        Yes
      </label>
      <label
        htmlFor="no"
      >
        <input
          id="no"
          name="spayedNeutered"
          onChange={[Function]}
          type="radio"
        />
        No
      </label>
    </fieldset>
    <fieldset
      className="field-item "
    >
      <legend
        className="bold"
      >
        Required Shots Completed
      </legend>
      <label
        htmlFor="rabies"
      >
        Rabies
         
        <input
          className="shot-date-input"
          id="rabies"
          name="rabies"
          onChange={[Function]}
          type="date"
          value=""
        />
      </label>
      <label
        htmlFor="rabiesBooster"
      >
        Rabies Yearly Booster
         
        <input
          className="shot-date-input"
          id="rabiesBooster"
          name="rabiesBooster"
          onChange={[Function]}
          type="date"
          value=""
        />
      </label>
      <label
        htmlFor="complexOne"
      >
        Complex I
        <input
          className="shot-date-input"
          id="complexOne"
          name="complexOne"
          onChange={[Function]}
          type="date"
          value=""
        />
      </label>
      <label
        htmlFor="complexTwo"
      >
        Complex II
        <input
          className="shot-date-input"
          id="complexTwo"
          name="complexTwo"
          onChange={[Function]}
          type="date"
          value=""
        />
      </label>
      <label
        htmlFor="complexBooster"
      >
        Complex Yearly Booster
        <input
          className="shot-date-input"
          id="complexBooster"
          name="complexBooster"
          onChange={[Function]}
          type="date"
          value=""
        />
      </label>
    </fieldset>
    <div
      className="form-buttons"
    >
      <button
        className="cancel"
      >
        <a
          className="dog-link"
          href="/dogs-list"
          onClick={[Function]}
        >
          Cancel
        </a>
      </button>
      <button
        className="submit"
        disabled="Name should have more than one letter."
        type="submit"
      >
        Submit
      </button>
    </div>
  </form>
</main>
`;
