// Jest Snapshot v1, https://goo.gl/fbAQLP

exports[`<EditDog /> renders as expected 1`] = `
<main
  className="edit-dog-container"
>
  <h1
    className="form-title"
  >
    Edit Dog
  </h1>
  <form
    className="form-container"
    onSubmit={[Function]}
  >
    <div
      className="dog-name-photo"
    >
      <h1
        htmlFor="name"
      >
        
      </h1>
      <img
        alt="your-pic"
        id="img-preview"
        src=""
      />
    </div>
    <h3
      className="form-title"
    >
      Update Information Below 
    </h3>
    <fieldset
      className="field-item"
    >
      <legend
        className="bold"
      >
        Gender:
      </legend>
      <label
        htmlFor="male"
      >
        <input
          checked={false}
          id="male"
          name="gender"
          onChange={[Function]}
          required={true}
          type="radio"
          value="Male"
        />
        Male
      </label>
      <label
        htmlFor="female"
      >
        <input
          checked={false}
          id="female"
          name="gender"
          onChange={[Function]}
          type="radio"
          value="Female"
        />
        Female
      </label>
    </fieldset>
    <label
      className="bold"
      htmlFor="estimated-age"
    >
      Estimated Age
    </label>
    <input
      className="block"
      id="age"
      name="age"
      onChange={[Function]}
      required={true}
      type="text"
      value=""
    />
    <label
      className="bold"
      htmlFor="arrival"
    >
      Estimated Arrival
    </label>
    <input
      className="block"
      id="arrival"
      name="arrivalDate"
      onChange={[Function]}
      type="date"
      value="Invalid date"
    />
    <fieldset
      className="field-item"
    >
      <legend
        className="bold"
      >
        Required Shots Completed
      </legend>
      <div
        className="update-shot-date-box"
      />
    </fieldset>
    <fieldset>
      <legend
        className="bold"
      >
        Add Optional Shots
      </legend>
      <button
        className="add-shot-btn"
        onClick={[Function]}
        type="button"
      >
        Add A Shot
      </button>
    </fieldset>
    <fieldset
      className="field-item"
    >
      <legend
        className="bold"
      >
        Spayed/Neutered
      </legend>
      <label
        htmlFor="yes"
      >
        <input
          checked={false}
          id="yes"
          name="spayedNeutered"
          onChange={[Function]}
          type="radio"
        />
        Yes
      </label>
      <label
        htmlFor="no"
      >
        <input
          checked={true}
          id="no"
          name="spayedNeutered"
          onChange={[Function]}
          type="radio"
        />
        No
      </label>
    </fieldset>
    <div
      className="form-buttons"
    >
      
      <button
        className="cancel"
        type="submit"
      >
        <a
          className="dog-link"
          href="/dogs-list"
          onClick={[Function]}
        >
          Cancel
        </a>
      </button>
      <button
        className="submit"
        disabled="Age must end in year(s) or month(s)."
        type="submit"
      >
        Submit
      </button>
    </div>
  </form>
</main>
`;
