// Jest Snapshot v1, https://goo.gl/fbAQLP

exports[`<DogsList /> renders as expected 1`] = `
<main
  className="dogslist"
>
  <section
    className="list-container"
  >
    <h1
      className="dogs-list-title"
    >
       Current Dogs 
    </h1>
    <div>
      <label
        className="search-box"
      >
        Search By Dog Name
         
        <input
          className="search-dog"
          name="dogSearch"
          onChange={[Function]}
          type="text"
          value=""
        />
      </label>
    </div>
    <div>
      <ul
        className="filter-links"
      >
        <li>
          <button
            onClick={[Function]}
            value="Current"
          >
            Current
          </button>
        </li>
        <li>
          <button
            onClick={[Function]}
            value="Adopted"
          >
            Adopted
          </button>
        </li>
        <li>
          <button
            onClick={[Function]}
            value="Archived"
          >
            Archived
          </button>
        </li>
      </ul>
    </div>
    <div
      className="dogs-list"
    />
  </section>
  <button
    className="add-a-dog-button add-dog"
  >
    <a
      className="add-dog-link"
      href="/add-new-dog"
      onClick={[Function]}
    >
      Add Dog
    </a>
  </button>
</main>
`;
