// Jest Snapshot v1, https://goo.gl/fbAQLP

exports[`<DogsList /> renders as expected 1`] = `
<main
  className="sc-fzpans eOBqKX"
>
  <section
    className="sc-fzplWN bTOJqa"
  >
    <div
      className="container"
    >
      <span
        className="container-title"
      >
        Total Dogs
        :
      </span>
       
      
    </div>
    <div
      className="container"
    >
      <span
        className="container-title"
      >
        Current Dogs
        :
      </span>
       
      
    </div>
    <div
      className="container"
    >
      <span
        className="container-title"
      >
        Adopted Dogs
        :
      </span>
       
      
    </div>
    <div
      className="container"
    >
      <span
        className="container-title"
      >
        Fostered Dogs
        :
      </span>
       
      
    </div>
  </section>
  <section
    className="search-filter-container"
  >
    <label
      aria-label="search"
      className="search-box "
    >
      <input
        className="search-dog dog-list-actions"
        name="dogSearch"
        onChange={[Function]}
        placeholder="Search by name..."
        type="text"
        value=""
      />
    </label>
    <div
      className="filters-container"
    >
      <div
        className="sc-AxhUy fkBipW"
      >
        <div
          className="list-text list-label dog-list-actions"
          onClick={[Function]}
        >
          Filter
          <svg
            fill="currentColor"
            height="1em"
            stroke="currentColor"
            strokeWidth="0"
            style={
              Object {
                "color": undefined,
              }
            }
            viewBox="0 0 512 512"
            width="1em"
            xmlns="http://www.w3.org/2000/svg"
          >
            <path
              d="M256 294.1L383 167c9.4-9.4 24.6-9.4 33.9 0s9.3 24.6 0 34L273 345c-9.1 9.1-23.7 9.3-33.1.7L95 201.1c-4.7-4.7-7-10.9-7-17s2.3-12.3 7-17c9.4-9.4 24.6-9.4 33.9 0l127.1 127z"
            />
          </svg>
        </div>
      </div>
      <div
        className="sc-AxhUy fkBipW"
      >
        <div
          className="list-text list-label dog-list-actions"
          onClick={[Function]}
        >
          Sort
          <svg
            fill="currentColor"
            height="1em"
            stroke="currentColor"
            strokeWidth="0"
            style={
              Object {
                "color": undefined,
              }
            }
            viewBox="0 0 512 512"
            width="1em"
            xmlns="http://www.w3.org/2000/svg"
          >
            <path
              d="M256 294.1L383 167c9.4-9.4 24.6-9.4 33.9 0s9.3 24.6 0 34L273 345c-9.1 9.1-23.7 9.3-33.1.7L95 201.1c-4.7-4.7-7-10.9-7-17s2.3-12.3 7-17c9.4-9.4 24.6-9.4 33.9 0l127.1 127z"
            />
          </svg>
        </div>
      </div>
    </div>
  </section>
  <section
    className="dog-list-container"
  >
    <ul
      className="dogs-list"
    />
  </section>
  <button
    className="add-a-dog-button add-dog"
  >
    <a
      className="add-dog-link"
      href="/add-new-dog"
      onClick={[Function]}
    >
      Add Dog
    </a>
  </button>
</main>
`;
