// Jest Snapshot v1, https://goo.gl/fbAQLP

exports[`<DogInfo /> renders as expected 1`] = `
<main
  className="dog-info"
>
  <div
    className="grid-container"
  >
    <div
      className="dog-name"
    >
      <img
        alt="dog-name"
        className="info-img"
      />
      <button
        className="edit-pencil edit-pencil-img"
        name="openProfileImg"
        onClick={[Function]}
      >
        ✎
      </button>
      <h1
        className="dog-name-text"
      />
    </div>
    <div
      className="nav-buttons"
    >
      <button
        className="see-notes"
      >
        <a
          className="dog-link"
          href="/notes-undefined/undefined"
          onClick={[Function]}
        >
          Notes
        </a>
      </button>
      <button
        className="delete"
        name="openArchive"
        onClick={[Function]}
      >
        Archive
      </button>
      <button
        className="delete"
        onClick={[Function]}
      >
        Delete
      </button>
    </div>
    <div
      className="basic-dog-details box-flex"
    >
      <h3
        className="info-title"
      >
        Basic Details 
      </h3>
      <ul
        className="dog-info-text details-grid-container"
      >
        <li
          className="gender align-details"
        >
          Gender:
          <div
            className="gender-value align-details"
          >
            <label
              htmlFor="male"
            >
              <input
                id="male"
                name="gender"
                onChange={[Function]}
                required={true}
                type="radio"
                value="Male"
              />
              Male
            </label>
            <label
              htmlFor="female"
            >
              <input
                id="female"
                name="gender"
                onChange={[Function]}
                type="radio"
                value="Female"
              />
              Female
            </label>
            <button
              onClick={[Function]}
              value="gender"
            >
              ✘
               
            </button>
            <button
              onClick={[Function]}
              value="gender"
            >
              ✔
               
            </button>
          </div>
        </li>
        <li
          className="age align-details"
        >
          Birthdate:
          <div
            className="age-value align-details"
          >
            Invalid date
            <button
              className="edit-pencil"
              onClick={[Function]}
              value="age"
            >
              ✎
            </button>
          </div>
        </li>
        <li
          className="arrival_date align-details"
        >
          Arrival Date:
          <div
            className="arrival_date-value align-details"
          >
            Invalid date
            <button
              className="edit-pencil"
              onClick={[Function]}
              value="arrival_date"
            >
              ✎
            </button>
          </div>
        </li>
        <li
          className="tag_number align-details"
        >
          Tag:
          <div
            className="tag_number-value align-details"
          >
            
            <button
              className="edit-pencil"
              onClick={[Function]}
              value="tag_number"
            >
              ✎
            </button>
          </div>
        </li>
        <li
          className="microchip align-details"
        >
          Microchip:
          <div
            className="microchip-value align-details"
          >
            
            <button
              className="edit-pencil"
              onClick={[Function]}
              value="microchip"
            >
              ✎
            </button>
          </div>
        </li>
        <li
          className="spayedneutered align-details"
        >
          Spayed/Neutered:
          <div
            className="spayedneutered-value align-details"
          >
             
            <span
              className="indicator-no"
            >
               ✘ 
            </span>
            <button
              className="edit-pencil"
              onClick={[Function]}
              value="spayedneutered"
            >
              ✎
            </button>
          </div>
        </li>
      </ul>
    </div>
    <div
      className="shots-information box-flex"
    >
      <h3
        className="info-title"
      >
        Shots Completed
      </h3>
      <button
        className="edit-shot-pencil edit-pencil"
        onClick={[Function]}
      >
        ✎
      </button>
      <ul
        className="dog-info-text shot-container"
      >
        <div>
          <ul
            className="dog-info-text shot-container"
          />
        </div>
      </ul>
    </div>
  </div>
  
</main>
`;
